2025-06-13 07:21:44,953 - rich - INFO - Found 28 Terraform files to process
2025-06-13 07:21:44,994 - rich - INFO - Extracted 1 S3 bucket configurations from data/terraform/misconfig/s3_public.tf
2025-06-13 07:21:45,000 - rich - INFO - Extracted 1 S3 bucket configurations from data/terraform/misconfig/s3_public_policy.tf
2025-06-13 07:21:45,000 - rich - INFO - Extracted 1 S3 bucket configurations from data/terraform/misconfig/s3_public_acl_extra_new_4.tf
2025-06-13 07:21:45,001 - rich - INFO - Extracted 1 S3 bucket configurations from data/terraform/misconfig/s3_public_acl_extra_new_2.tf
2025-06-13 07:21:45,002 - rich - INFO - Extracted 1 S3 bucket configurations from data/terraform/misconfig/s3_public_acl_new_3.tf
2025-06-13 07:21:45,003 - rich - INFO - Extracted 1 S3 bucket configurations from data/terraform/misconfig/s3_public_acl_extra_new_3.tf
2025-06-13 07:21:45,003 - rich - INFO - Extracted 1 S3 bucket configurations from data/terraform/misconfig/s3_public_acl_extra_new_1.tf
2025-06-13 07:21:45,004 - rich - INFO - Extracted 1 S3 bucket configurations from data/terraform/misconfig/s3_public_acl_new_4.tf
2025-06-13 07:21:45,006 - rich - INFO - Extracted 1 S3 bucket configurations from data/terraform/misconfig/s3_public_encrypted.tf
2025-06-13 07:21:45,007 - rich - INFO - Extracted 1 S3 bucket configurations from data/terraform/misconfig/s3_public_read.tf
2025-06-13 07:21:45,007 - rich - INFO - Extracted 1 S3 bucket configurations from data/terraform/misconfig/s3_public_acl_extra_new_6.tf
2025-06-13 07:21:45,009 - rich - INFO - Extracted 2 S3 bucket configurations from data/terraform/misconfig/s3_public_with_logging.tf
2025-06-13 07:21:45,009 - rich - INFO - Extracted 1 S3 bucket configurations from data/terraform/misconfig/s3_public_read_write.tf
2025-06-13 07:21:45,010 - rich - INFO - Extracted 1 S3 bucket configurations from data/terraform/misconfig/s3_public_acl_extra_new_7.tf
2025-06-13 07:21:45,011 - rich - INFO - Extracted 1 S3 bucket configurations from data/terraform/misconfig/s3_public_acl_new_1.tf
2025-06-13 07:21:45,012 - rich - INFO - Extracted 1 S3 bucket configurations from data/terraform/misconfig/s3_public_acl_new_2.tf
2025-06-13 07:21:45,012 - rich - INFO - Extracted 1 S3 bucket configurations from data/terraform/misconfig/s3_public_acl_extra_new_5.tf
2025-06-13 07:21:45,013 - rich - INFO - Extracted 1 S3 bucket configurations from data/terraform/correct/s3_private_acl_new_1.tf
2025-06-13 07:21:45,014 - rich - INFO - Extracted 1 S3 bucket configurations from data/terraform/correct/s3_private_acl_new_2.tf
2025-06-13 07:21:45,015 - rich - INFO - Extracted 1 S3 bucket configurations from data/terraform/correct/s3_private.tf
2025-06-13 07:21:45,016 - rich - INFO - Extracted 1 S3 bucket configurations from data/terraform/correct/s3_private_explicit.tf
2025-06-13 07:21:45,017 - rich - INFO - Extracted 1 S3 bucket configurations from data/terraform/correct/s3_private_default.tf
2025-06-13 07:21:45,017 - rich - INFO - Extracted 1 S3 bucket configurations from data/terraform/correct/s3_private_acl_new_3.tf
2025-06-13 07:21:45,020 - rich - INFO - Extracted 1 S3 bucket configurations from data/terraform/correct/s3_private_restrictive_policy.tf
2025-06-13 07:21:45,021 - rich - INFO - Extracted 1 S3 bucket configurations from data/terraform/correct/s3_private_owner_control.tf
2025-06-13 07:21:45,022 - rich - INFO - Extracted 1 S3 bucket configurations from data/terraform/correct/s3_private_acl_new_4.tf
2025-06-13 07:21:45,023 - rich - INFO - Processed 28 Terraform files, extracted features for 27 S3 buckets
2025-06-13 07:21:45,026 - anomaly_detector.extraction - INFO - Extracted base features for 27 configurations
2025-06-13 07:21:45,027 - anomaly_detector.extraction - INFO - Cleaning and validating extracted data...
2025-06-13 07:21:45,027 - anomaly_detector.extraction - INFO - Initial dataset: 27 configurations
2025-06-13 07:21:45,030 - anomaly_detector.extraction - INFO - ACL distribution: {'public-read': 10, 'private': 9, 'public-read-write': 6, 'authenticated-read': 2}
2025-06-13 07:21:45,032 - anomaly_detector.extraction - INFO - Removed 0 exact duplicates, remaining: 27 configurations
2025-06-13 07:21:45,043 - anomaly_detector.extraction - INFO - Starting FIXED feature engineering pipeline...
2025-06-13 07:21:45,046 - anomaly_detector.extraction - INFO - Created strong discriminative features. Main discriminator distribution:
2025-06-13 07:21:45,047 - anomaly_detector.extraction - INFO -   Private (0): 11
2025-06-13 07:21:45,047 - anomaly_detector.extraction - INFO -   Public (1): 16
2025-06-13 07:21:45,048 - anomaly_detector.extraction - INFO - After discriminative features: 29 columns
2025-06-13 07:21:45,048 - anomaly_detector.feature_engineering - INFO - Starting feature engineering pipeline...
2025-06-13 07:21:45,056 - anomaly_detector.feature_engineering - INFO - After numerical features: 39 columns
2025-06-13 07:21:45,060 - anomaly_detector.feature_engineering - INFO - After security score features: 44 columns
2025-06-13 07:21:45,062 - anomaly_detector.feature_engineering - INFO - After interaction features: 46 columns
2025-06-13 07:21:45,063 - anomaly_detector.feature_engineering - INFO - After anomaly indicator features: 48 columns
2025-06-13 07:21:45,068 - anomaly_detector.feature_engineering - INFO - Selected 11 discriminative features: ['has_any_public_access', 'public_access_score', 'vulnerability_score', 'high_risk_combination', 'composite_anomaly_score', 'security_features_count', 'critical_security_gaps', 'public_access_type', 'configuration_inconsistency', 'extreme_configuration', 'security_penalty']
2025-06-13 07:21:45,075 - anomaly_detector.feature_engineering - INFO - Feature engineering pipeline completed successfully
2025-06-13 07:21:45,075 - anomaly_detector.extraction - INFO - Augmenting dataset from 27 to 100 samples
2025-06-13 07:21:45,104 - anomaly_detector.extraction - INFO - Dataset augmented to 100 samples
2025-06-13 07:21:45,104 - anomaly_detector.extraction - INFO - Final dataset shape: (100, 13)
2025-06-13 07:21:45,108 - anomaly_detector.extraction - INFO - Class distribution - Normal: 59, Anomalous: 41, Ratio: 0.410
2025-06-13 07:21:45,111 - anomaly_detector.extraction - INFO - Saved engineered features to data/output/features/raw_features.csv
2025-06-13 07:21:45,121 - anomaly_detector.models - INFO - 
Feature Quality Check:
2025-06-13 07:21:45,121 - anomaly_detector.models - INFO -   has_any_public_access: train_var=1.4501, test_var=1.1767
2025-06-13 07:21:45,121 - anomaly_detector.models - INFO -   public_access_score: train_var=0.2007, test_var=0.1852
2025-06-13 07:21:45,121 - anomaly_detector.models - INFO -   vulnerability_score: train_var=0.1878, test_var=0.1715
2025-06-13 07:21:45,121 - anomaly_detector.models - INFO -   high_risk_combination: train_var=1.0053, test_var=0.8130
2025-06-13 07:21:45,121 - anomaly_detector.models - INFO -   composite_anomaly_score: train_var=0.1877, test_var=0.1652
2025-06-13 07:21:45,121 - anomaly_detector.models - INFO -   security_features_count: train_var=49.6996, test_var=45.4079
2025-06-13 07:21:45,121 - anomaly_detector.models - INFO -   critical_security_gaps: train_var=0.0286, test_var=0.0706
2025-06-13 07:21:45,121 - anomaly_detector.models - INFO -   public_access_type: train_var=1.4859, test_var=1.1507
2025-06-13 07:21:45,121 - anomaly_detector.models - INFO -   configuration_inconsistency: train_var=1.4720, test_var=1.1406
2025-06-13 07:21:45,121 - anomaly_detector.models - INFO -   extreme_configuration: train_var=1.0054, test_var=0.8910
2025-06-13 07:21:45,121 - anomaly_detector.models - INFO -   security_penalty: train_var=1.4101, test_var=1.1511
2025-06-13 07:21:45,122 - anomaly_detector.models - INFO - Using contamination rate: 0.300
2025-06-13 07:21:45,122 - anomaly_detector.models - INFO - Training set size: (49, 11)
2025-06-13 07:21:45,122 - anomaly_detector.models - INFO - Test set size: (30, 11)
2025-06-13 07:21:45,371 - anomaly_detector.models - INFO - isolation_forest - F1: 0.9167, ROC AUC: 0.9352, Threshold: 0.5165
2025-06-13 07:21:45,371 - anomaly_detector.models - INFO - isolation_forest - Precision: 0.9167, Recall: 0.9167
2025-06-13 07:21:45,371 - anomaly_detector.models - INFO - isolation_forest - TP: 11, FP: 1, TN: 17, FN: 1
2025-06-13 07:21:45,418 - anomaly_detector.models - INFO - one_class_svm - F1: 0.8182, ROC AUC: 0.8148, Threshold: 0.9726
2025-06-13 07:21:45,418 - anomaly_detector.models - INFO - one_class_svm - Precision: 0.9000, Recall: 0.7500
2025-06-13 07:21:45,418 - anomaly_detector.models - INFO - one_class_svm - TP: 9, FP: 1, TN: 17, FN: 3
2025-06-13 07:21:45,785 - anomaly_detector.models - INFO - autoencoder - F1: 0.8333, ROC AUC: 0.9398, Threshold: 0.9805
2025-06-13 07:21:45,785 - anomaly_detector.models - INFO - autoencoder - Precision: 0.8333, Recall: 0.8333
2025-06-13 07:21:45,785 - anomaly_detector.models - INFO - autoencoder - TP: 10, FP: 2, TN: 16, FN: 2
2025-06-13 07:21:45,856 - anomaly_detector.models - INFO - local_outlier_factor - F1: 0.3333, ROC AUC: 0.3611, Threshold: 0.0000
2025-06-13 07:21:45,857 - anomaly_detector.models - INFO - local_outlier_factor - Precision: 0.5000, Recall: 0.2500
2025-06-13 07:21:45,857 - anomaly_detector.models - INFO - local_outlier_factor - TP: 3, FP: 3, TN: 15, FN: 9
2025-06-13 07:21:45,891 - anomaly_detector.models - INFO - Ensemble - F1: 0.8696, ROC AUC: 0.9167
2025-06-13 07:21:45,891 - anomaly_detector.models - INFO - Ensemble weights: {'isolation_forest': 0.3159268929503916, 'one_class_svm': 0.2819843342036553, 'autoencoder': 0.28720626631853785, 'local_outlier_factor': 0.11488250652741512}
2025-11-29 17:06:14,325 - rich - INFO - Found 28 Terraform files to process
2025-11-29 17:06:14,415 - rich - INFO - Extracted 1 S3 bucket configurations from data/terraform/misconfig/s3_public.tf
2025-11-29 17:06:14,447 - rich - INFO - Extracted 1 S3 bucket configurations from data/terraform/misconfig/s3_public_policy.tf
2025-11-29 17:06:14,450 - rich - INFO - Extracted 1 S3 bucket configurations from data/terraform/misconfig/s3_public_acl_extra_new_4.tf
2025-11-29 17:06:14,454 - rich - INFO - Extracted 1 S3 bucket configurations from data/terraform/misconfig/s3_public_acl_extra_new_2.tf
2025-11-29 17:06:14,458 - rich - INFO - Extracted 1 S3 bucket configurations from data/terraform/misconfig/s3_public_acl_new_3.tf
2025-11-29 17:06:14,461 - rich - INFO - Extracted 1 S3 bucket configurations from data/terraform/misconfig/s3_public_acl_extra_new_3.tf
2025-11-29 17:06:14,463 - rich - INFO - Extracted 1 S3 bucket configurations from data/terraform/misconfig/s3_public_acl_extra_new_1.tf
2025-11-29 17:06:14,464 - rich - INFO - Extracted 1 S3 bucket configurations from data/terraform/misconfig/s3_public_acl_new_4.tf
2025-11-29 17:06:14,467 - rich - INFO - Extracted 1 S3 bucket configurations from data/terraform/misconfig/s3_public_encrypted.tf
2025-11-29 17:06:14,470 - rich - INFO - Extracted 1 S3 bucket configurations from data/terraform/misconfig/s3_public_read.tf
2025-11-29 17:06:14,474 - rich - INFO - Extracted 1 S3 bucket configurations from data/terraform/misconfig/s3_public_acl_extra_new_6.tf
2025-11-29 17:06:14,476 - rich - INFO - Extracted 2 S3 bucket configurations from data/terraform/misconfig/s3_public_with_logging.tf
2025-11-29 17:06:14,480 - rich - INFO - Extracted 1 S3 bucket configurations from data/terraform/misconfig/s3_public_read_write.tf
2025-11-29 17:06:14,657 - rich - INFO - Extracted 1 S3 bucket configurations from data/terraform/misconfig/s3_public_acl_extra_new_7.tf
2025-11-29 17:06:14,680 - rich - INFO - Extracted 1 S3 bucket configurations from data/terraform/misconfig/s3_public_acl_new_1.tf
2025-11-29 17:06:14,685 - rich - INFO - Extracted 1 S3 bucket configurations from data/terraform/misconfig/s3_public_acl_new_2.tf
2025-11-29 17:06:14,688 - rich - INFO - Extracted 1 S3 bucket configurations from data/terraform/misconfig/s3_public_acl_extra_new_5.tf
2025-11-29 17:06:14,845 - rich - INFO - Extracted 1 S3 bucket configurations from data/terraform/correct/s3_private_acl_new_1.tf
2025-11-29 17:06:14,848 - rich - INFO - Extracted 1 S3 bucket configurations from data/terraform/correct/s3_private_acl_new_2.tf
2025-11-29 17:06:14,851 - rich - INFO - Extracted 1 S3 bucket configurations from data/terraform/correct/s3_private.tf
2025-11-29 17:06:14,856 - rich - INFO - Extracted 1 S3 bucket configurations from data/terraform/correct/s3_private_explicit.tf
2025-11-29 17:06:14,862 - rich - INFO - Extracted 1 S3 bucket configurations from data/terraform/correct/s3_private_default.tf
2025-11-29 17:06:14,863 - rich - INFO - Extracted 1 S3 bucket configurations from data/terraform/correct/s3_private_acl_new_3.tf
2025-11-29 17:06:14,871 - rich - INFO - Extracted 1 S3 bucket configurations from data/terraform/correct/s3_private_restrictive_policy.tf
2025-11-29 17:06:14,875 - rich - INFO - Extracted 1 S3 bucket configurations from data/terraform/correct/s3_private_owner_control.tf
2025-11-29 17:06:14,876 - rich - INFO - Extracted 1 S3 bucket configurations from data/terraform/correct/s3_private_acl_new_4.tf
2025-11-29 17:06:14,878 - rich - INFO - Processed 28 Terraform files, extracted features for 27 S3 buckets
2025-11-29 17:06:14,893 - anomaly_detector.extraction - INFO - Extracted base features for 27 configurations
2025-11-29 17:06:14,895 - anomaly_detector.extraction - INFO - Cleaning and validating extracted data...
2025-11-29 17:06:14,895 - anomaly_detector.extraction - INFO - Initial dataset: 27 configurations
2025-11-29 17:06:14,898 - anomaly_detector.extraction - INFO - ACL distribution: {'public-read': 10, 'private': 9, 'public-read-write': 6, 'authenticated-read': 2}
2025-11-29 17:06:14,902 - anomaly_detector.extraction - INFO - Removed 0 exact duplicates, remaining: 27 configurations
2025-11-29 17:06:14,924 - anomaly_detector.extraction - INFO - Starting FIXED feature engineering pipeline...
2025-11-29 17:06:14,928 - anomaly_detector.extraction - INFO - Created strong discriminative features. Main discriminator distribution:
2025-11-29 17:06:14,929 - anomaly_detector.extraction - INFO -   Private (0): 11
2025-11-29 17:06:14,929 - anomaly_detector.extraction - INFO -   Public (1): 16
2025-11-29 17:06:14,929 - anomaly_detector.extraction - INFO - After discriminative features: 29 columns
2025-11-29 17:06:14,929 - anomaly_detector.feature_engineering - INFO - Starting feature engineering pipeline...
2025-11-29 17:06:14,941 - anomaly_detector.feature_engineering - INFO - After numerical features: 39 columns
2025-11-29 17:06:14,948 - anomaly_detector.feature_engineering - INFO - After security score features: 44 columns
2025-11-29 17:06:14,951 - anomaly_detector.feature_engineering - INFO - After interaction features: 46 columns
2025-11-29 17:06:14,954 - anomaly_detector.feature_engineering - INFO - After anomaly indicator features: 48 columns
2025-11-29 17:06:14,961 - anomaly_detector.feature_engineering - INFO - Selected 11 discriminative features: ['has_any_public_access', 'public_access_score', 'vulnerability_score', 'high_risk_combination', 'composite_anomaly_score', 'security_features_count', 'critical_security_gaps', 'public_access_type', 'configuration_inconsistency', 'extreme_configuration', 'security_penalty']
2025-11-29 17:06:14,971 - anomaly_detector.feature_engineering - INFO - Feature engineering pipeline completed successfully
2025-11-29 17:06:14,973 - anomaly_detector.extraction - INFO - Augmenting dataset from 27 to 100 samples
2025-11-29 17:06:15,010 - anomaly_detector.extraction - INFO - Dataset augmented to 100 samples
2025-11-29 17:06:15,010 - anomaly_detector.extraction - INFO - Final dataset shape: (100, 13)
2025-11-29 17:06:15,013 - anomaly_detector.extraction - INFO - Class distribution - Normal: 59, Anomalous: 41, Ratio: 0.410
2025-11-29 17:06:15,030 - anomaly_detector.extraction - INFO - Saved engineered features to data/output/features/raw_features.csv
2025-11-29 17:06:15,242 - anomaly_detector.models - INFO - 
Feature Quality Check:
2025-11-29 17:06:15,243 - anomaly_detector.models - INFO -   has_any_public_access: train_var=1.4501, test_var=1.1767
2025-11-29 17:06:15,243 - anomaly_detector.models - INFO -   public_access_score: train_var=0.2007, test_var=0.1852
2025-11-29 17:06:15,243 - anomaly_detector.models - INFO -   vulnerability_score: train_var=0.1878, test_var=0.1715
2025-11-29 17:06:15,244 - anomaly_detector.models - INFO -   high_risk_combination: train_var=1.0053, test_var=0.8130
2025-11-29 17:06:15,244 - anomaly_detector.models - INFO -   composite_anomaly_score: train_var=0.1877, test_var=0.1652
2025-11-29 17:06:15,244 - anomaly_detector.models - INFO -   security_features_count: train_var=49.6996, test_var=45.4079
2025-11-29 17:06:15,244 - anomaly_detector.models - INFO -   critical_security_gaps: train_var=0.0286, test_var=0.0706
2025-11-29 17:06:15,244 - anomaly_detector.models - INFO -   public_access_type: train_var=1.4859, test_var=1.1507
2025-11-29 17:06:15,245 - anomaly_detector.models - INFO -   configuration_inconsistency: train_var=1.4720, test_var=1.1406
2025-11-29 17:06:15,245 - anomaly_detector.models - INFO -   extreme_configuration: train_var=1.0054, test_var=0.8910
2025-11-29 17:06:15,245 - anomaly_detector.models - INFO -   security_penalty: train_var=1.4101, test_var=1.1511
2025-11-29 17:06:15,245 - anomaly_detector.models - INFO - Using contamination rate: 0.300
2025-11-29 17:06:15,245 - anomaly_detector.models - INFO - Training set size: (49, 11)
2025-11-29 17:06:15,245 - anomaly_detector.models - INFO - Test set size: (30, 11)
2025-11-29 17:06:15,662 - anomaly_detector.models - INFO - isolation_forest - F1: 0.9167, ROC AUC: 0.9352, Threshold: 0.5165
2025-11-29 17:06:15,662 - anomaly_detector.models - INFO - isolation_forest - Precision: 0.9167, Recall: 0.9167
2025-11-29 17:06:15,662 - anomaly_detector.models - INFO - isolation_forest - TP: 11, FP: 1, TN: 17, FN: 1
2025-11-29 17:06:15,851 - anomaly_detector.models - INFO - one_class_svm - F1: 0.8182, ROC AUC: 0.8148, Threshold: 0.9726
2025-11-29 17:06:15,851 - anomaly_detector.models - INFO - one_class_svm - Precision: 0.9000, Recall: 0.7500
2025-11-29 17:06:15,851 - anomaly_detector.models - INFO - one_class_svm - TP: 9, FP: 1, TN: 17, FN: 3
2025-11-29 17:06:16,277 - anomaly_detector.models - INFO - autoencoder - F1: 0.8333, ROC AUC: 0.9398, Threshold: 0.9805
2025-11-29 17:06:16,277 - anomaly_detector.models - INFO - autoencoder - Precision: 0.8333, Recall: 0.8333
2025-11-29 17:06:16,278 - anomaly_detector.models - INFO - autoencoder - TP: 10, FP: 2, TN: 16, FN: 2
2025-11-29 17:06:16,794 - anomaly_detector.models - INFO - local_outlier_factor - F1: 0.3333, ROC AUC: 0.3611, Threshold: 0.0000
2025-11-29 17:06:16,794 - anomaly_detector.models - INFO - local_outlier_factor - Precision: 0.5000, Recall: 0.2500
2025-11-29 17:06:16,794 - anomaly_detector.models - INFO - local_outlier_factor - TP: 3, FP: 3, TN: 15, FN: 9
2025-11-29 17:06:16,872 - anomaly_detector.models - INFO - Ensemble - F1: 0.8696, ROC AUC: 0.9167
2025-11-29 17:06:16,872 - anomaly_detector.models - INFO - Ensemble weights: {'isolation_forest': 0.3159268929503916, 'one_class_svm': 0.2819843342036553, 'autoencoder': 0.28720626631853785, 'local_outlier_factor': 0.11488250652741512}
